Traceback (most recent call last):
  File "/opt/miniconda3/lib/python3.13/site-packages/jupyter_cache/executors/utils.py", line 58, in single_nb_execution
    executenb(
    ~~~~~~~~~^
        nb,
        ^^^
    ...<4 lines>...
        **kwargs,
        ^^^^^^^^^
    )
    ^
  File "/opt/miniconda3/lib/python3.13/site-packages/nbclient/client.py", line 1323, in execute
    return NotebookClient(nb=nb, resources=resources, km=km, **kwargs).execute()
           ~~~~~~~~~~~~~~~~~~~~~~~~~~~~~~~~~~~~~~~~~~~~~~~~~~~~~~~~~~~~~~~~~~~^^
  File "/opt/miniconda3/lib/python3.13/site-packages/jupyter_core/utils/__init__.py", line 165, in wrapped
    return loop.run_until_complete(inner)
           ~~~~~~~~~~~~~~~~~~~~~~~^^^^^^^
  File "/opt/miniconda3/lib/python3.13/asyncio/base_events.py", line 725, in run_until_complete
    return future.result()
           ~~~~~~~~~~~~~^^
  File "/opt/miniconda3/lib/python3.13/site-packages/nbclient/client.py", line 709, in async_execute
    await self.async_execute_cell(
        cell, index, execution_count=self.code_cells_executed + 1
    )
  File "/opt/miniconda3/lib/python3.13/site-packages/nbclient/client.py", line 1062, in async_execute_cell
    await self._check_raise_for_error(cell, cell_index, exec_reply)
  File "/opt/miniconda3/lib/python3.13/site-packages/nbclient/client.py", line 918, in _check_raise_for_error
    raise CellExecutionError.from_cell_and_msg(cell, exec_reply_content)
nbclient.exceptions.CellExecutionError: An error occurred while executing the following cell:
------------------
# Load tree sequence with population structure
ts_pops = tskit.load("data/population_split_simplified.trees")

print(f"Samples: {ts_pops.num_samples}")
print(f"Populations: {ts_pops.num_populations}")

# Show population assignments for samples
for pop in ts_pops.populations():
    samples_in_pop = [n for n in ts_pops.samples() if ts_pops.node(n).population == pop.id]
    print(f"  Population {pop.id}: {len(samples_in_pop)} samples")
------------------


[31m---------------------------------------------------------------------------[39m
[31mFileNotFoundError[39m                         Traceback (most recent call last)
[36mCell[39m[36m [39m[32mIn[6][39m[32m, line 2[39m
[32m      1[39m [38;5;66;03m# Load tree sequence with population structure[39;00m
[32m----> [39m[32m2[39m ts_pops = [43mtskit[49m[43m.[49m[43mload[49m[43m([49m[33;43m"[39;49m[33;43mdata/population_split_simplified.trees[39;49m[33;43m"[39;49m[43m)[49m
[32m      4[39m [38;5;28mprint[39m([33mf[39m[33m"[39m[33mSamples: [39m[38;5;132;01m{[39;00mts_pops.num_samples[38;5;132;01m}[39;00m[33m"[39m)
[32m      5[39m [38;5;28mprint[39m([33mf[39m[33m"[39m[33mPopulations: [39m[38;5;132;01m{[39;00mts_pops.num_populations[38;5;132;01m}[39;00m[33m"[39m)

[36mFile [39m[32m/opt/miniconda3/lib/python3.13/site-packages/tskit/trees.py:3432[39m, in [36mload[39m[34m(file, skip_tables, skip_reference_sequence)[39m
[32m   3409[39m [38;5;28;01mdef[39;00m[38;5;250m [39m[34mload[39m(file, *, skip_tables=[38;5;28;01mFalse[39;00m, skip_reference_sequence=[38;5;28;01mFalse[39;00m):
[32m   3410[39m [38;5;250m    [39m[33;03m"""[39;00m
[32m   3411[39m [33;03m    Return a :class:`TreeSequence` instance loaded from the specified file object or[39;00m
[32m   3412[39m [33;03m    path. The file must be in the[39;00m
[32m   (...)[39m[32m   3430[39m [33;03m    :rtype: :class:`tskit.TreeSequence`[39;00m
[32m   3431[39m [33;03m    """[39;00m
[32m-> [39m[32m3432[39m     [38;5;28;01mreturn[39;00m [43mTreeSequence[49m[43m.[49m[43mload[49m[43m([49m
[32m   3433[39m [43m        [49m[43mfile[49m[43m,[49m[43m [49m[43mskip_tables[49m[43m=[49m[43mskip_tables[49m[43m,[49m[43m [49m[43mskip_reference_sequence[49m[43m=[49m[43mskip_reference_sequence[49m
[32m   3434[39m [43m    [49m[43m)[49m

[36mFile [39m[32m/opt/miniconda3/lib/python3.13/site-packages/tskit/trees.py:4234[39m, in [36mTreeSequence.load[39m[34m(cls, file_or_path, skip_tables, skip_reference_sequence)[39m
[32m   4232[39m [38;5;129m@classmethod[39m
[32m   4233[39m [38;5;28;01mdef[39;00m[38;5;250m [39m[34mload[39m([38;5;28mcls[39m, file_or_path, *, skip_tables=[38;5;28;01mFalse[39;00m, skip_reference_sequence=[38;5;28;01mFalse[39;00m):
[32m-> [39m[32m4234[39m     file, local_file = [43mutil[49m[43m.[49m[43mconvert_file_like_to_open_file[49m[43m([49m[43mfile_or_path[49m[43m,[49m[43m [49m[33;43m"[39;49m[33;43mrb[39;49m[33;43m"[39;49m[43m)[49m
[32m   4235[39m     [38;5;28;01mtry[39;00m:
[32m   4236[39m         ts = _tskit.TreeSequence()

[36mFile [39m[32m/opt/miniconda3/lib/python3.13/site-packages/tskit/util.py:810[39m, in [36mconvert_file_like_to_open_file[39m[34m(file_like, mode)[39m
[32m    807[39m [38;5;28;01mtry[39;00m:
[32m    808[39m     [38;5;66;03m# First, see if we can interpret the argument as a pathlike object.[39;00m
[32m    809[39m     path = os.fspath(file_like)
[32m--> [39m[32m810[39m     _file = [38;5;28;43mopen[39;49m[43m([49m[43mpath[49m[43m,[49m[43m [49m[43mmode[49m[43m)[49m
[32m    811[39m [38;5;28;01mexcept[39;00m [38;5;167;01mTypeError[39;00m:
[32m    812[39m     [38;5;28;01mpass[39;00m

[31mFileNotFoundError[39m: [Errno 2] No such file or directory: 'data/population_split_simplified.trees'

